2026-07-22 16:09:12,595 - INFO - [Time] Project activemq time: 37.62465869999869
2026-07-22 16:09:18,559 - INFO - [Time] Project commons-compress time: 5.963595799999894
2026-07-22 16:09:21,074 - INFO - [Time] Project cordova-plugin-file-transfer time: 2.515354600000137
2026-07-22 16:12:53,018 - INFO - [Time] Project cxf time: 211.94195599999875
2026-07-22 16:12:54,161 - INFO - [Time] Project lucene-solr time: 1.1429184000007808
2026-07-22 16:12:55,689 - INFO - [Time] Project shiro time: 1.5285036000022956
2026-07-22 16:15:59,575 - INFO - [Time] Project struts time: 183.88467730000048
2026-07-22 16:16:02,077 - INFO - [Time] Project xerces2-j time: 2.501848899999459
2026-07-22 16:16:03,128 - INFO - [Time] Project buck time: 1.0507983999996213
2026-07-22 16:16:04,715 - INFO - [Time] Project javamelody time: 1.586331300000893
2026-07-22 16:19:41,685 - INFO - [Time] Project jenkins time: 216.96882400000322
2026-07-22 16:20:26,115 - INFO - [Time] Project ovirt-engine time: 44.429744400000345
2026-07-22 16:21:16,646 - INFO - [Time] Project cxf-fediz time: 50.52982410000186
2026-07-22 16:21:54,632 - INFO - [Time] Project tikal-multijob-plugin time: 37.98615710000013
2026-07-22 16:23:30,375 - INFO - [Time] Project spring-amqp time: 95.74252979999801
2026-07-22 16:23:46,583 - INFO - [Time] Project spring-framework time: 16.20754820000002
2026-07-22 16:24:25,803 - INFO - [Time] Project undertow time: 39.21932310000193
2026-07-22 16:24:38,206 - INFO - [Time] Project wildfly-core time: 12.402626499999315
2026-07-22 16:30:29,519 - INFO - [Time] Project cayenne time: 21.5467979999994
2026-07-22 16:31:05,460 - INFO - [Time] Project commons-fileupload time: 35.94093529999736
2026-07-22 16:31:39,553 - INFO - [Time] Project karaf time: 34.09218310000142
2026-07-22 16:32:04,249 - INFO - [Time] Project opentsdb time: 24.695770399997855
2026-07-22 16:34:04,740 - INFO - [Time] Project spring-data-jpa time: 120.49027009999918
2026-07-22 16:34:47,871 - INFO - [Time] Project spring-security time: 43.13073660000009
2026-07-22 16:35:32,758 - INFO - [Time] Project vertx-web time: 44.88660140000138
2026-07-22 16:36:21,708 - INFO - [Time] Project brooklyn-server time: 48.94993650000106
2026-07-22 16:36:59,986 - INFO - [Time] Project geronimo time: 38.27777309999874
2026-07-22 16:37:15,601 - INFO - [Time] Project ccm-plugin time: 15.614752500001487
2026-07-22 16:37:32,295 - INFO - [Time] Project google-play-android-publisher-plugin time: 16.693722399999388
2026-07-22 16:37:57,603 - INFO - [Time] Project mercurial-plugin time: 25.308063200001925
2026-07-22 16:38:55,013 - INFO - [Time] Project onos time: 57.40906569999788
2026-07-22 16:41:00,478 - INFO - [Time] Project nifi time: 125.46488129999852
2026-07-22 16:41:50,004 - INFO - [Time] Project guava time: 49.52552399999695
2026-07-22 16:41:51,087 - INFO - [Time] Project junit-plugin time: 1.0822950000001583
2026-07-22 16:42:22,239 - INFO - [Time] Project monitoring-plugin time: 31.1524365999976
2026-07-22 16:42:52,213 - INFO - [Time] Project sonarqube time: 29.97295160000067
2026-07-22 16:43:09,858 - INFO - [Time] Project retrofit time: 17.64493940000102
2026-07-22 16:43:20,219 - INFO - [Time] Project umlet time: 10.361021400000027
